sys.path2: ['/export/local/users/wrk/izip/git/opensource/python/gn2/wqflask/wqflask/my_pylmm/pyLMM', '/usr/local/lib/python2.7/dist-packages/setuptools-1.1.6-py2.7.egg', '/usr/local/lib/python2.7/dist-packages/matplotlib_venn-0.9-py2.7.egg', '/usr/local/lib/python2.7/dist-packages/googlecl-0.9.14-py2.7.egg', '/usr/local/lib/python2.7/dist-packages/gdata-2.0.18-py2.7.egg', '/export/local/users/wrk/izip/git/opensource/python/test_gn_pylmm/my_pylmm/pyLMM', '/export/local/users/wrk/izip/git/opensource/python/test_gn_pylmm/lib', '/usr/lib/python2.7', '/usr/lib/python2.7/plat-linux2', '/usr/lib/python2.7/lib-tk', '/usr/lib/python2.7/lib-old', '/usr/lib/python2.7/lib-dynload', '/usr/local/lib/python2.7/dist-packages', '/usr/lib/python2.7/dist-packages', '/usr/lib/python2.7/dist-packages/PIL', '/usr/lib/python2.7/dist-packages/gtk-2.0', '/usr/lib/pymodules/python2.7', '/home/zas1024/gene/wqflask/', '/home/danny/GeneNetwork/wqflask/wqflask/my_pylmm/pyLMM/']
Command:  kinship
data/small_na.geno
(6, 4)
Original G (6, 4) 
[[ 1.   1.   0.5  0. ]
 [ 1.   1.   0.   0. ]
 [ 0.   1.   0.5  0. ]
 [ 1.   1.   0.   0. ]
 [ 1.   1.   1.   0. ]
 [ 1.   1.   nan  0. ]]
MAF replacements: 
[[ 1.   1.   0.5  0. ]
 [ 1.   1.   0.   0. ]
 [ 0.   1.   0.5  0. ]
 [ 1.   1.   0.   0. ]
 [ 1.   1.   1.   0. ]
 [ 1.   1.   1.   0. ]]
Genotype (6, 4) 
[[ 1.   1.   0.5  0. ]
 [ 1.   1.   0.   0. ]
 [ 0.   1.   0.5  0. ]
 [ 1.   1.   0.   0. ]
 [ 1.   1.   1.   0. ]
 [ 1.   1.   1.   0. ]]
first Kinship method (4, 4) 
[[ 0.833  0.833  0.417  0.   ]
 [ 0.833  1.     0.5    0.   ]
 [ 0.417  0.5    0.417  0.   ]
 [ 0.     0.     0.     0.   ]]
After kinship (old) genotype_matrix:  (4, 6) =
[ [ 0.905  1.    -0.905]  ...  [ 1.     0.577  0.577] 
  [ 0.905  1.     1.508]  ...  [ 1.     0.577  0.577] 
  ...
  [-0.302 -1.     0.302]  ...  [-1.     0.577  0.577] 
  [-1.508 -1.    -0.905]  ...  [-1.    -1.732 -1.732] ]
Genotype (4, 6) 
[[ 0.905  1.    -0.905  1.     0.577  0.577]
 [ 0.905  1.     1.508  1.     0.577  0.577]
 [-0.302 -1.     0.302 -1.     0.577  0.577]
 [-1.508 -1.    -0.905 -1.    -1.732 -1.732]]
GN2 Kinship method (4, 4) 
[[ 0.717  0.354 -0.313 -0.758]
 [ 0.354  0.96  -0.192 -1.121]
 [-0.313 -0.192  0.475  0.03 ]
 [-0.758 -1.121  0.03   1.848]]
Genotype (4, 6) 
[[ 0.905  1.    -0.905  1.     0.577  0.577]
 [ 0.905  1.     1.508  1.     0.577  0.577]
 [-0.302 -1.     0.302 -1.     0.577  0.577]
 [-1.508 -1.    -0.905 -1.    -1.732 -1.732]]
G (6, 4) =
[ [ 0.905  0.905 -0.302]  ...  [ 0.905 -0.302 -1.508] 
  [ 1.  1. -1.]  ...  [ 1. -1. -1.] 
  ...
  [ 0.577  0.577  0.577]  ...  [ 0.577  0.577 -1.732] 
  [ 0.577  0.577  0.577]  ...  [ 0.577  0.577 -1.732] ]
third Kinship method (4, 4) 
[[ 0.717  0.354 -0.313 -0.758]
 [ 0.354  0.96  -0.192 -1.121]
 [-0.313 -0.192  0.475  0.03 ]
 [-0.758 -1.121  0.03   1.848]]
