Command:  redis_new
data/small_na.pheno
(4,)
data/small_na.geno
(6, 4)
{'noCUDA': False, 'testing': False, 'verbose': True, 'remove_missing_phenotypes': False, 'geno': 'data/small_na.geno', 'numThreads': None, 'maf_normalization': False, 'useBLAS': False, 'pheno': 'data/small_na.pheno', 'test_kinship': False, 'noBLAS': False, 'saveKvaKve': False, 'debug': False, 'genotype_normalization': False, 'kinship': None}
Original G (6, 4) 
[[ 1.   1.   0.5  0. ]
 [ 1.   1.   0.   0. ]
 [ 0.   1.   0.5  0. ]
 [ 1.   1.   0.   0. ]
 [ 1.   1.   1.   0. ]
 [ 1.   1.   nan  0. ]]
geno (6, 4) =
[ [ 1.   1.   0.5]  ...  [ 1.   0.5  0. ] 
  [ 1.  1.  0.]  ...  [ 1.  0.  0.] 
  ...
  [ 1.  1.  1.]  ...  [ 1.  1.  0.] 
  [  1.   1.  nan]  ...  [  1.  nan   0.] ] strides:  (8, 48) 

pheno [ 0.578    nan -0.521 -1.912]
geno (6, 4) [[ 1.   1.   0.5  0. ]
 [ 1.   1.   0.   0. ]
 [ 0.   1.   0.5  0. ]
 [ 1.   1.   0.   0. ]
 [ 1.   1.   1.   0. ]
 [ 1.   1.   nan  0. ]]
Running the new LMM2 engine in run_other_new
REML= True  REFIT= False
Starting benchmark: Calculate Kinship
G (6, 3) =
[ [ 1.   0.5  0. ]  ...  [ 1.   0.5  0. ] 
  [ 1.  0.  0.]  ...  [ 1.  0.  0.] 
  ...
  [ 1.  1.  0.]  ...  [ 1.  1.  0.] 
  [  1.  nan   0.]  ...  [  1.  nan   0.] ] strides:  (8, 48) 

kinship_full K (3, 3) =
[ [ 1.25  -0.417 -0.833]  ...  [ 1.25  -0.417 -0.833] 
  [-0.417  0.583 -0.167]  ...  [-0.417  0.583 -0.167] 
  ...
  [-0.417  0.583 -0.167]  ...  [-0.417  0.583 -0.167] 
  [-0.833 -0.167  1.   ]  ...  [-0.833 -0.167  1.   ] ] strides:  (24, 8) 

  Calculate Kinship took: 0.006092 seconds
kinship_matrix:  array([[ 1.25 , -0.417, -0.833],
       [-0.417,  0.583, -0.167],
       [-0.833, -0.167,  1.   ]])
kinship_matrix.shape:  (3, 3)
run_other_new genotype_matrix:  (6, 3)
[[ 1.225  0.    -1.225]
 [ 1.414 -0.707 -0.707]
 [-0.707  1.414 -0.707]
 [ 1.414 -0.707 -0.707]
 [ 0.707  0.707 -1.414]
 [ 1.     0.    -1.   ]]
Starting benchmark: Doing GWAS
G (6, 3) =
[ [ 1.225  0.    -1.225]  ...  [ 1.225  0.    -1.225] 
  [ 1.414 -0.707 -0.707]  ...  [ 1.414 -0.707 -0.707] 
  ...
  [ 0.707  0.707 -1.414]  ...  [ 0.707  0.707 -1.414] 
  [ 1.  0. -1.]  ...  [ 1.  0. -1.] ] strides:  (24, 8) 

('this K is:', (3, 3), array([[ 1.25 , -0.417, -0.833],
       [-0.417,  0.583, -0.167],
       [-0.833, -0.167,  1.   ]]))
Kva (3,) =
 [ 0.     0.833  2.   ]  ...  [ 0.     0.833  2.   ]
Kve (3, 3) =
[ [-0.577  0.267  0.772]  ...  [-0.577  0.267  0.772] 
  [-0.577 -0.802 -0.154]  ...  [-0.577 -0.802 -0.154] 
  ...
  [-0.577 -0.802 -0.154]  ...  [-0.577 -0.802 -0.154] 
  [-0.577  0.535 -0.617]  ...  [-0.577  0.535 -0.617] ] strides:  (8, 24) 

('sum(Kva),sum(Kve)=', 2.8333333333333357, array([-1.732, -0.   ,  0.   ]))
Before sort (1,) =
 [1]  ...  [1]
After sort (1,) =
 [1]  ...  [1]
  Doing GWAS took: 0.118099 seconds

Timing report

[5%] Calculate Kinship: 0.0060920715332
[95%] Doing GWAS: 0.118098974228

[ 0.062  0.558  0.833  0.558  0.345  0.062]
6 2.41940200508
