Command:  redis_new
data/small.pheno
['1']
(5,)
data/small.geno
['1', '2', '3', '4', '5']
(6, 5)
{'control': None, 'noCUDA': False, 'maf_normalization': False, 'verbose': True, 'remove_missing_phenotypes': False, 'geno': 'data/small.geno', 'numThreads': None, 'testing': False, 'useBLAS': False, 'pheno': 'data/small.pheno', 'noBLAS': False, 'saveKvaKve': False, 'debug': False, 'kinship': None, 'genotype_normalization': False, 'test_kinship': False}
Original G (6, 5) 
[[ 1.   1.   0.5  0.   1. ]
 [ 1.   1.   0.   0.   0. ]
 [ 0.   1.   0.5  0.   1. ]
 [ 1.   1.   0.   0.   0. ]
 [ 1.   1.   1.   0.   1. ]
 [ 1.   1.   0.5  0.   1. ]]
geno (6, 5) =
[ [ 1.   1.   0.5]  ...  [ 0.5  0.   1. ] 
  [ 1.  1.  0.]  ...  [ 0.  0.  0.] 
  ...
  [ 1.  1.  1.]  ...  [ 1.  0.  1.] 
  [ 1.   1.   0.5]  ...  [ 0.5  0.   1. ] ] strides:  (8, 48) 

pheno 5 [ 0.578  0.196 -0.521 -1.912 -1.912]
(6, 5)
No kinship matrix passed in!
6 (6, 5)
