Command:  redis
data/small_na.pheno
(4,)
data/small_na.geno
(6, 4)
Original G (6, 4) 
[[ 1.   1.   0.5  0. ]
 [ 1.   1.   0.   0. ]
 [ 0.   1.   0.5  0. ]
 [ 1.   1.   0.   0. ]
 [ 1.   1.   1.   0. ]
 [ 1.   1.   nan  0. ]]
Removed missing phenotypes (6, 3) 
[[ 1.   0.5  0. ]
 [ 1.   0.   0. ]
 [ 0.   0.5  0. ]
 [ 1.   0.   0. ]
 [ 1.   1.   0. ]
 [ 1.   nan  0. ]]
geno (6, 3) =
[ [ 1.   0.5  0. ]  ...  [ 1.   0.5  0. ] 
  [ 1.  0.  0.]  ...  [ 1.  0.  0.] 
  ...
  [ 1.  1.  0.]  ...  [ 1.  1.  0.] 
  [  1.  nan   0.]  ...  [  1.  nan   0.] ]
pheno [ 0.578 -0.521 -1.912]
geno (6, 3) [[ 1.   0.5  0. ]
 [ 1.   0.   0. ]
 [ 0.   0.5  0. ]
 [ 1.   0.   0. ]
 [ 1.   1.   0. ]
 [ 1.   nan  0. ]]
Running the original LMM engine in run_other (old)
REML= True  REFIT= False
Starting benchmark: Calculate Kinship
G (6, 3) =
[ [ 1.   0.5  0. ]  ...  [ 1.   0.5  0. ] 
  [ 1.  0.  0.]  ...  [ 1.  0.  0.] 
  ...
  [ 1.  1.  0.]  ...  [ 1.  1.  0.] 
  [  1.  nan   0.]  ...  [  1.  nan   0.] ]
G (6, 3) =
[ [ 1.225  0.    -1.225]  ...  [ 1.225  0.    -1.225] 
  [ 1.414 -0.707 -0.707]  ...  [ 1.414 -0.707 -0.707] 
  ...
  [ 0.707  0.707 -1.414]  ...  [ 0.707  0.707 -1.414] 
  [ 1.  0. -1.]  ...  [ 1.  0. -1.] ]
  Calculate Kinship took: 0.015095 seconds
kinship_matrix:  array([[ 1.25 , -0.417, -0.833],
       [-0.417,  0.583, -0.167],
       [-0.833, -0.167,  1.   ]])
kinship_matrix.shape:  (3, 3)
run_other_old genotype_matrix:  (6, 3)
[[ 1.225  0.    -1.225]
 [ 1.414 -0.707 -0.707]
 [-0.707  1.414 -0.707]
 [ 1.414 -0.707 -0.707]
 [ 0.707  0.707 -1.414]
 [ 1.     0.    -1.   ]]
Starting benchmark: Doing GWAS
this K is: (3, 3) array([[ 1.25 , -0.417, -0.833],
       [-0.417,  0.583, -0.167],
       [-0.833, -0.167,  1.   ]])
Kva (3,) =
 [ 0.     0.833  2.   ]  ...  [ 0.     0.833  2.   ]
Kve (3, 3) =
[ [-0.577  0.267  0.772]  ...  [-0.577  0.267  0.772] 
  [-0.577 -0.802 -0.154]  ...  [-0.577 -0.802 -0.154] 
  ...
  [-0.577 -0.802 -0.154]  ...  [-0.577 -0.802 -0.154] 
  [-0.577  0.535 -0.617]  ...  [-0.577  0.535 -0.617] ]
sum(Kva),sum(Kve)= 2.83333333333 [-1.732 -0.     0.   ]
self.Kva is:  (3,) array([ 0.   ,  0.833,  2.   ])
self.Kve is:  (3, 3) array([[-0.577,  0.267,  0.772],
       [-0.577, -0.802, -0.154],
       [-0.577,  0.535, -0.617]])
  Doing GWAS took: 0.029428 seconds

Timing report

[34%] Calculate Kinship: 0.0150949954987
[66%] Doing GWAS: 0.0294280052185

[ 0.062  0.558  0.833  0.558  0.345  0.062]
6 2.41940200508
